// Jest Snapshot v1, https://goo.gl/fbAQLP

exports[`About.vue match snapshot 1`] = `
<div class="container container--fluid fill-height">
  <div class="row align-center justify-center">
    <h1>This is an about page</h1>
  </div>
</div>
`;
