// Jest Snapshot v1, https://goo.gl/fbAQLP

exports[`Page.vue snapshot 1`] = `
<div class="page">
  <ul class="v-breadcrumbs theme--light">
    <li>
      <div class="v-breadcrumbs__item">chapter-A</div>
    </li>
    <li class="v-breadcrumbs__divider">/</li>
    <li>
      <div class="v-breadcrumbs__item">section-b</div>
    </li>
    <li class="v-breadcrumbs__divider">/</li>
    <li>
      <div class="v-breadcrumbs__item">page-3.md</div>
    </li>
  </ul>
  <div class="ma-3 pa-3 v-card v-sheet v-sheet--outlined theme--light" style="max-width: 980px;">
    <div class="v-card__text markdown-body">
      <p><strong>marked</strong></p>
    </div>
  </div>
</div>
`;
